// Jest Snapshot v1, https://goo.gl/fbAQLP

exports[`ViewSleepData Integration Test renders correctly based on route params 1`] = `
<RNCSafeAreaProvider
  onInsetsChange={[Function]}
  style={
    [
      {
        "flex": 1,
      },
      undefined,
    ]
  }
/>
`;

exports[`ViewSleepData Integration Test renders correctly when previousScreenTitle is missing 1`] = `
<RNCSafeAreaProvider
  onInsetsChange={[Function]}
  style={
    [
      {
        "flex": 1,
      },
      undefined,
    ]
  }
/>
`;
