// Jest Snapshot v1, https://goo.gl/fbAQLP

exports[`ViewInsights renders correctly 1`] = `
<RNCSafeAreaProvider
  onInsetsChange={[Function]}
  style={
    [
      {
        "flex": 1,
      },
      undefined,
    ]
  }
>
  <View
    collapsable={false}
    pointerEvents="box-none"
    style={
      {
        "flex": 1,
      }
    }
  >
    <View
      style={
        {
          "flex": 1,
        }
      }
    >
      <View
        style={
          [
            {
              "flex": 1,
            },
            undefined,
          ]
        }
      >
        <View
          style={
            [
              {
                "backgroundColor": "rgb(242, 242, 242)",
                "flex": 1,
              },
              undefined,
            ]
          }
        >
          <View
            collapsable={false}
            pointerEvents="box-none"
            style={
              {
                "zIndex": 1,
              }
            }
          >
            <View
              accessibilityElementsHidden={false}
              importantForAccessibility="auto"
              onLayout={[Function]}
              pointerEvents="box-none"
              style={null}
            >
              <View
                collapsable={false}
                pointerEvents="box-none"
                style={
                  {
                    "bottom": 0,
                    "left": 0,
                    "opacity": 1,
                    "position": "absolute",
                    "right": 0,
                    "top": 0,
                    "zIndex": 0,
                  }
                }
              >
                <View
                  collapsable={false}
                  style={
                    {
                      "backgroundColor": "rgb(255, 255, 255)",
                      "borderBottomColor": "rgb(216, 216, 216)",
                      "flex": 1,
                      "shadowColor": "rgb(216, 216, 216)",
                      "shadowOffset": {
                        "height": 0.5,
                        "width": 0,
                      },
                      "shadowOpacity": 0.85,
                      "shadowRadius": 0,
                    }
                  }
                />
              </View>
              <View
                collapsable={false}
                pointerEvents="box-none"
                style={
                  {
                    "height": 44,
                    "maxHeight": undefined,
                    "minHeight": undefined,
                    "opacity": undefined,
                    "transform": undefined,
                  }
                }
              >
                <View
                  pointerEvents="none"
                  style={
                    {
                      "height": 0,
                    }
                  }
                />
                <View
                  pointerEvents="box-none"
                  style={
                    {
                      "alignItems": "stretch",
                      "flex": 1,
                      "flexDirection": "row",
                    }
                  }
                >
                  <View
                    collapsable={false}
                    pointerEvents="box-none"
                    style={
                      {
                        "alignItems": "flex-start",
                        "flexBasis": 0,
                        "flexGrow": 1,
                        "justifyContent": "center",
                        "marginStart": 0,
                        "opacity": 1,
                      }
                    }
                  />
                  <View
                    collapsable={false}
                    pointerEvents="box-none"
                    style={
                      {
                        "justifyContent": "center",
                        "marginHorizontal": 16,
                        "maxWidth": 718,
                        "opacity": 1,
                      }
                    }
                  >
                    <Text
                      accessibilityRole="header"
                      aria-level="1"
                      collapsable={false}
                      numberOfLines={1}
                      onLayout={[Function]}
                      style={
                        {
                          "color": "rgb(28, 28, 30)",
                          "fontSize": 17,
                          "fontWeight": "600",
                        }
                      }
                    >
                      ViewInsights
                    </Text>
                  </View>
                  <View
                    collapsable={false}
                    pointerEvents="box-none"
                    style={
                      {
                        "alignItems": "flex-end",
                        "flexBasis": 0,
                        "flexGrow": 1,
                        "justifyContent": "center",
                        "marginEnd": 0,
                        "opacity": 1,
                      }
                    }
                  />
                </View>
              </View>
            </View>
          </View>
          <RNSScreenContainer
            onLayout={[Function]}
            style={
              {
                "flex": 1,
              }
            }
          >
            <RNSScreen
              activityState={2}
              collapsable={false}
              gestureResponseDistance={
                {
                  "bottom": -1,
                  "end": -1,
                  "start": -1,
                  "top": -1,
                }
              }
              onGestureCancel={[Function]}
              pointerEvents="box-none"
              sheetAllowedDetents="large"
              sheetCornerRadius={-1}
              sheetExpandsWhenScrolledToEdge={true}
              sheetGrabberVisible={false}
              sheetLargestUndimmedDetent="all"
              style={
                {
                  "bottom": 0,
                  "left": 0,
                  "position": "absolute",
                  "right": 0,
                  "top": 0,
                }
              }
            >
              <View
                collapsable={false}
                style={
                  {
                    "opacity": 1,
                  }
                }
              />
              <View
                accessibilityElementsHidden={false}
                closing={false}
                collapsable={false}
                gestureVelocityImpact={0.3}
                importantForAccessibility="auto"
                onClose={[Function]}
                onGestureBegin={[Function]}
                onGestureCanceled={[Function]}
                onGestureEnd={[Function]}
                onOpen={[Function]}
                onTransition={[Function]}
                pointerEvents="box-none"
                style={
                  [
                    {
                      "display": "flex",
                      "overflow": undefined,
                    },
                    {
                      "bottom": 0,
                      "left": 0,
                      "position": "absolute",
                      "right": 0,
                      "top": 0,
                    },
                  ]
                }
                transitionSpec={
                  {
                    "close": {
                      "animation": "spring",
                      "config": {
                        "damping": 500,
                        "mass": 3,
                        "overshootClamping": true,
                        "restDisplacementThreshold": 10,
                        "restSpeedThreshold": 10,
                        "stiffness": 1000,
                      },
                    },
                    "open": {
                      "animation": "spring",
                      "config": {
                        "damping": 500,
                        "mass": 3,
                        "overshootClamping": true,
                        "restDisplacementThreshold": 10,
                        "restSpeedThreshold": 10,
                        "stiffness": 1000,
                      },
                    },
                  }
                }
              >
                <View
                  collapsable={false}
                  pointerEvents="box-none"
                  style={
                    {
                      "flex": 1,
                    }
                  }
                >
                  <View
                    collapsable={false}
                    handlerTag={1}
                    handlerType="PanGestureHandler"
                    needsOffscreenAlphaCompositing={false}
                    onGestureHandlerEvent={[Function]}
                    onGestureHandlerStateChange={[Function]}
                    style={
                      {
                        "flex": 1,
                        "transform": [
                          {
                            "translateX": 0,
                          },
                          {
                            "translateX": 0,
                          },
                        ],
                      }
                    }
                  >
                    <View
                      pointerEvents="box-none"
                      style={
                        [
                          {
                            "flex": 1,
                            "overflow": "hidden",
                          },
                          [
                            {
                              "backgroundColor": "rgb(242, 242, 242)",
                            },
                            undefined,
                          ],
                        ]
                      }
                    >
                      <View
                        style={
                          {
                            "flex": 1,
                            "flexDirection": "column-reverse",
                          }
                        }
                      >
                        <View
                          style={
                            {
                              "flex": 1,
                            }
                          }
                        >
                          <RCTScrollView
                            style={
                              [
                                {
                                  "flex": 1,
                                },
                              ]
                            }
                          >
                            <View>
                              <View
                                style={
                                  [
                                    {
                                      "backgroundColor": "rgb(243, 237, 246)",
                                      "elevation": 2,
                                      "paddingHorizontal": 0,
                                      "paddingTop": 0,
                                      "zIndex": 1,
                                    },
                                    {},
                                    {
                                      "shadowColor": "#000000",
                                      "shadowOffset": {
                                        "height": 0.75,
                                        "width": 0,
                                      },
                                      "shadowOpacity": 0.24,
                                      "shadowRadius": 1.5,
                                    },
                                  ]
                                }
                                testID="appbar-header-root-layer"
                              >
                                <View
                                  collapsable={false}
                                  style={
                                    {
                                      "backgroundColor": "rgb(243, 237, 246)",
                                      "height": 64,
                                      "shadowColor": "#000",
                                      "shadowOffset": {
                                        "height": 0,
                                        "width": 0,
                                      },
                                      "shadowOpacity": 0,
                                      "shadowRadius": 0,
                                    }
                                  }
                                  testID="appbar-header-outer-layer"
                                >
                                  <View
                                    collapsable={false}
                                    style={
                                      {
                                        "alignItems": "center",
                                        "backgroundColor": "rgb(243, 237, 246)",
                                        "flex": 1,
                                        "flexDirection": "row",
                                        "paddingBottom": undefined,
                                        "paddingHorizontal": 4,
                                        "paddingLeft": undefined,
                                        "paddingRight": undefined,
                                        "paddingTop": undefined,
                                        "shadowColor": "#000",
                                        "shadowOffset": {
                                          "height": 0,
                                          "width": 0,
                                        },
                                        "shadowOpacity": 0,
                                        "shadowRadius": 0,
                                      }
                                    }
                                    testID="appbar-header"
                                  >
                                    <View
                                      collapsable={false}
                                      style={
                                        {
                                          "backgroundColor": "transparent",
                                          "borderRadius": 20,
                                          "height": 40,
                                          "margin": 6,
                                          "shadowColor": "#000",
                                          "shadowOffset": {
                                            "height": 0,
                                            "width": 0,
                                          },
                                          "shadowOpacity": 0,
                                          "shadowRadius": 0,
                                          "width": 40,
                                        }
                                      }
                                      testID="back-action-container-outer-layer"
                                    >
                                      <View
                                        collapsable={false}
                                        style={
                                          {
                                            "backgroundColor": "transparent",
                                            "borderColor": "rgba(121, 116, 126, 1)",
                                            "borderRadius": 20,
                                            "borderWidth": 0,
                                            "elevation": 0,
                                            "flex": 1,
                                            "overflow": "hidden",
                                            "shadowColor": "#000",
                                            "shadowOffset": {
                                              "height": 0,
                                              "width": 0,
                                            },
                                            "shadowOpacity": 0,
                                            "shadowRadius": 0,
                                          }
                                        }
                                        testID="back-action-container"
                                      >
                                        <View
                                          accessibilityComponentType="button"
                                          accessibilityLabel="Back"
                                          accessibilityRole="button"
                                          accessibilityState={
                                            {
                                              "busy": undefined,
                                              "checked": undefined,
                                              "disabled": false,
                                              "expanded": undefined,
                                              "selected": undefined,
                                            }
                                          }
                                          accessibilityTraits="button"
                                          accessibilityValue={
                                            {
                                              "max": undefined,
                                              "min": undefined,
                                              "now": undefined,
                                              "text": undefined,
                                            }
                                          }
                                          accessible={true}
                                          centered={true}
                                          collapsable={false}
                                          focusable={true}
                                          hitSlop={
                                            {
                                              "bottom": 6,
                                              "left": 6,
                                              "right": 6,
                                              "top": 6,
                                            }
                                          }
                                          onBlur={[Function]}
                                          onClick={[Function]}
                                          onFocus={[Function]}
                                          onResponderGrant={[Function]}
                                          onResponderMove={[Function]}
                                          onResponderRelease={[Function]}
                                          onResponderTerminate={[Function]}
                                          onResponderTerminationRequest={[Function]}
                                          onStartShouldSetResponder={[Function]}
                                          style={
                                            [
                                              {
                                                "overflow": "hidden",
                                              },
                                              [
                                                {
                                                  "alignItems": "center",
                                                  "flexGrow": 1,
                                                  "justifyContent": "center",
                                                },
                                                {
                                                  "borderRadius": 20,
                                                },
                                              ],
                                            ]
                                          }
                                          testID="back-action"
                                        >
                                          <View
                                            style={
                                              [
                                                {
                                                  "alignItems": "center",
                                                  "justifyContent": "center",
                                                },
                                                {
                                                  "height": 24,
                                                  "width": 24,
                                                },
                                              ]
                                            }
                                          >
                                            <View
                                              collapsable={false}
                                              style={
                                                {
                                                  "bottom": 0,
                                                  "left": 0,
                                                  "opacity": 1,
                                                  "position": "absolute",
                                                  "right": 0,
                                                  "top": 0,
                                                  "transform": [
                                                    {
                                                      "rotate": "0deg",
                                                    },
                                                  ],
                                                }
                                              }
                                              testID="cross-fade-icon-current"
                                            >
                                              <View
                                                style={
                                                  [
                                                    {
                                                      "alignItems": "center",
                                                      "justifyContent": "center",
                                                    },
                                                    {
                                                      "height": 24,
                                                      "transform": [
                                                        {
                                                          "scaleX": 1,
                                                        },
                                                      ],
                                                      "width": 24,
                                                    },
                                                  ]
                                                }
                                              >
                                                <Image
                                                  accessibilityIgnoresInvertColors={true}
                                                  source={1}
                                                  style={
                                                    [
                                                      {
                                                        "resizeMode": "contain",
                                                      },
                                                      {
                                                        "height": 21,
                                                        "tintColor": "rgba(28, 27, 31, 1)",
                                                        "width": 21,
                                                      },
                                                    ]
                                                  }
                                                />
                                              </View>
                                            </View>
                                          </View>
                                        </View>
                                      </View>
                                    </View>
                                    <View
                                      pointerEvents="box-none"
                                      style={
                                        [
                                          {
                                            "flex": 1,
                                            "paddingHorizontal": 12,
                                          },
                                          {
                                            "paddingHorizontal": 0,
                                          },
                                          [
                                            false,
                                            {
                                              "alignItems": "center",
                                            },
                                            undefined,
                                          ],
                                        ]
                                      }
                                      testID="Test Title"
                                    >
                                      <Text
                                        accessibilityRole="header"
                                        accessibilityTraits="header"
                                        accessible={true}
                                        numberOfLines={1}
                                        style={
                                          [
                                            {
                                              "textAlign": "left",
                                            },
                                            {
                                              "color": "rgba(28, 27, 31, 1)",
                                              "writingDirection": "ltr",
                                            },
                                            [
                                              {
                                                "fontFamily": "System",
                                                "fontSize": 22,
                                                "fontWeight": "400",
                                                "letterSpacing": 0,
                                                "lineHeight": 28,
                                              },
                                              [
                                                {
                                                  "color": "rgba(28, 27, 31, 1)",
                                                  "fontFamily": "System",
                                                  "fontSize": 22,
                                                  "fontWeight": "400",
                                                  "letterSpacing": 0,
                                                  "lineHeight": 28,
                                                },
                                                false,
                                                {
                                                  "fontFamily": "ChakraPetch_BoldItalic",
                                                },
                                              ],
                                            ],
                                          ]
                                        }
                                        testID="Test Title-title-text"
                                      >
                                        Test Title
                                      </Text>
                                    </View>
                                    <View
                                      collapsable={false}
                                    >
                                      <View
                                        collapsable={false}
                                        style={
                                          {
                                            "backgroundColor": "transparent",
                                            "borderRadius": 20,
                                            "height": 40,
                                            "margin": 6,
                                            "shadowColor": "#000",
                                            "shadowOffset": {
                                              "height": 0,
                                              "width": 0,
                                            },
                                            "shadowOpacity": 0,
                                            "shadowRadius": 0,
                                            "width": 40,
                                          }
                                        }
                                        testID="menu-action-container-outer-layer"
                                      >
                                        <View
                                          collapsable={false}
                                          style={
                                            {
                                              "backgroundColor": "transparent",
                                              "borderColor": "rgba(121, 116, 126, 1)",
                                              "borderRadius": 20,
                                              "borderWidth": 0,
                                              "elevation": 0,
                                              "flex": 1,
                                              "overflow": "hidden",
                                              "shadowColor": "#000",
                                              "shadowOffset": {
                                                "height": 0,
                                                "width": 0,
                                              },
                                              "shadowOpacity": 0,
                                              "shadowRadius": 0,
                                            }
                                          }
                                          testID="menu-action-container"
                                        >
                                          <View
                                            accessibilityComponentType="button"
                                            accessibilityRole="button"
                                            accessibilityState={
                                              {
                                                "busy": undefined,
                                                "checked": undefined,
                                                "disabled": false,
                                                "expanded": undefined,
                                                "selected": undefined,
                                              }
                                            }
                                            accessibilityTraits="button"
                                            accessibilityValue={
                                              {
                                                "max": undefined,
                                                "min": undefined,
                                                "now": undefined,
                                                "text": undefined,
                                              }
                                            }
                                            accessible={true}
                                            centered={true}
                                            collapsable={false}
                                            focusable={true}
                                            hitSlop={
                                              {
                                                "bottom": 6,
                                                "left": 6,
                                                "right": 6,
                                                "top": 6,
                                              }
                                            }
                                            onBlur={[Function]}
                                            onClick={[Function]}
                                            onFocus={[Function]}
                                            onResponderGrant={[Function]}
                                            onResponderMove={[Function]}
                                            onResponderRelease={[Function]}
                                            onResponderTerminate={[Function]}
                                            onResponderTerminationRequest={[Function]}
                                            onStartShouldSetResponder={[Function]}
                                            style={
                                              [
                                                {
                                                  "overflow": "hidden",
                                                },
                                                [
                                                  {
                                                    "alignItems": "center",
                                                    "flexGrow": 1,
                                                    "justifyContent": "center",
                                                  },
                                                  {
                                                    "borderRadius": 20,
                                                  },
                                                ],
                                              ]
                                            }
                                            testID="menu-action"
                                          >
                                            <View
                                              style={
                                                [
                                                  {
                                                    "alignItems": "center",
                                                    "justifyContent": "center",
                                                  },
                                                  {
                                                    "height": 24,
                                                    "width": 24,
                                                  },
                                                ]
                                              }
                                            >
                                              <View
                                                collapsable={false}
                                                style={
                                                  {
                                                    "bottom": 0,
                                                    "left": 0,
                                                    "opacity": 1,
                                                    "position": "absolute",
                                                    "right": 0,
                                                    "top": 0,
                                                    "transform": [
                                                      {
                                                        "rotate": "0deg",
                                                      },
                                                    ],
                                                  }
                                                }
                                                testID="cross-fade-icon-current"
                                              >
                                                <Text
                                                  accessibilityElementsHidden={true}
                                                  allowFontScaling={false}
                                                  importantForAccessibility="no-hide-descendants"
                                                  pointerEvents="none"
                                                  selectable={false}
                                                  style={
                                                    [
                                                      {
                                                        "color": "rgba(73, 69, 79, 1)",
                                                        "fontSize": 24,
                                                      },
                                                      [
                                                        {
                                                          "lineHeight": 24,
                                                          "transform": [
                                                            {
                                                              "scaleX": 1,
                                                            },
                                                          ],
                                                        },
                                                        {
                                                          "backgroundColor": "transparent",
                                                        },
                                                      ],
                                                      {
                                                        "fontFamily": "Material Design Icons",
                                                        "fontStyle": "normal",
                                                        "fontWeight": "normal",
                                                      },
                                                      {},
                                                    ]
                                                  }
                                                >
                                                  󰇘
                                                </Text>
                                              </View>
                                            </View>
                                          </View>
                                        </View>
                                      </View>
                                    </View>
                                  </View>
                                </View>
                              </View>
                              <View
                                style={
                                  {
                                    "padding": 10,
                                  }
                                }
                              >
                                <View
                                  style={
                                    {
                                      "alignItems": "center",
                                      "flexDirection": "row",
                                      "justifyContent": "space-between",
                                    }
                                  }
                                >
                                  <Text
                                    style={
                                      {
                                        "color": "black",
                                        "fontSize": 20,
                                        "textAlign": "left",
                                      }
                                    }
                                  >
                                    6/20/2024
                                  </Text>
                                  <View
                                    style={
                                      {
                                        "flexDirection": "row",
                                        "gap": 10,
                                      }
                                    }
                                  >
                                    <text>
                                      FontAwesome5: calendar-alt
                                    </text>
                                    <text>
                                      FontAwesome5: sliders-h
                                    </text>
                                    <text>
                                      FontAwesome5: upload
                                    </text>
                                  </View>
                                </View>
                                <View
                                  style={
                                    {
                                      "backgroundColor": "rgb(211, 228, 255)",
                                      "borderRadius": 10,
                                      "elevation": 2,
                                      "marginVertical": 10,
                                      "padding": 10,
                                      "shadowColor": "rgb(0, 0, 0)",
                                      "shadowOffset": {
                                        "height": 5,
                                        "width": 5,
                                      },
                                      "shadowOpacity": 0.1,
                                      "shadowRadius": 10,
                                    }
                                  }
                                >
                                  <Text
                                    style={
                                      [
                                        {
                                          "color": "rgb(17, 96, 164)",
                                          "fontFamily": "Poppins_Bold",
                                          "fontSize": 16,
                                        },
                                        {
                                          "fontFamily": "ChakraPetch_Bold",
                                        },
                                      ]
                                    }
                                  >
                                    Daily Insights
                                  </Text>
                                  <View
                                    style={
                                      {
                                        "justifyContent": "center",
                                      }
                                    }
                                  >
                                    <View
                                      style={
                                        {
                                          "flexDirection": "row",
                                          "justifyContent": "space-between",
                                        }
                                      }
                                    >
                                      <View
                                        style={
                                          {
                                            "alignItems": "center",
                                          }
                                        }
                                      >
                                        <Text
                                          style={
                                            [
                                              {
                                                "color": "rgb(17, 96, 164)",
                                                "fontFamily": "Poppins_Bold",
                                                "fontSize": 16,
                                              },
                                              {
                                                "fontFamily": "ChakraPetch_Bold",
                                              },
                                            ]
                                          }
                                        >
                                          S
                                        </Text>
                                        <View
                                          accessibilityState={
                                            {
                                              "busy": undefined,
                                              "checked": undefined,
                                              "disabled": undefined,
                                              "expanded": undefined,
                                              "selected": undefined,
                                            }
                                          }
                                          accessible={true}
                                          focusable={true}
                                          onClick={[Function]}
                                          onResponderGrant={[Function]}
                                          onResponderMove={[Function]}
                                          onResponderRelease={[Function]}
                                          onResponderTerminate={[Function]}
                                          onResponderTerminationRequest={[Function]}
                                          onStartShouldSetResponder={[Function]}
                                          style={
                                            [
                                              {
                                                "height": 50,
                                                "width": 50,
                                              },
                                              {
                                                "opacity": 0.5,
                                              },
                                            ]
                                          }
                                        >
                                          <div
                                            style={
                                              [
                                                {
                                                  "flex": 1,
                                                  "height": 50,
                                                  "width": 50,
                                                },
                                              ]
                                            }
                                          >
                                            <div>
                                              Mock Ring Component - 
                                              21.250000000000004
                                              , 
                                              0
                                              , 
                                              0
                                              , 
                                              5.1000000000000005
                                              , 
                                              0.17
                                            </div>
                                            <div>
                                              Mock Ring Component - 
                                              31.450000000000003
                                              , 
                                              0
                                              , 
                                              0
                                              , 
                                              5.1000000000000005
                                              , 
                                              0.17
                                            </div>
                                            <div>
                                              Mock Ring Component - 
                                              41.650000000000006
                                              , 
                                              0
                                              , 
                                              0
                                              , 
                                              5.1000000000000005
                                              , 
                                              0.17
                                            </div>
                                          </div>
                                        </View>
                                      </View>
                                      <View
                                        style={
                                          {
                                            "alignItems": "center",
                                          }
                                        }
                                      >
                                        <Text
                                          style={
                                            [
                                              {
                                                "color": "rgb(17, 96, 164)",
                                                "fontFamily": "Poppins_Bold",
                                                "fontSize": 16,
                                              },
                                              {
                                                "fontFamily": "ChakraPetch_Bold",
                                              },
                                            ]
                                          }
                                        >
                                          M
                                        </Text>
                                        <View
                                          accessibilityState={
                                            {
                                              "busy": undefined,
                                              "checked": undefined,
                                              "disabled": undefined,
                                              "expanded": undefined,
                                              "selected": undefined,
                                            }
                                          }
                                          accessible={true}
                                          focusable={true}
                                          onClick={[Function]}
                                          onResponderGrant={[Function]}
                                          onResponderMove={[Function]}
                                          onResponderRelease={[Function]}
                                          onResponderTerminate={[Function]}
                                          onResponderTerminationRequest={[Function]}
                                          onStartShouldSetResponder={[Function]}
                                          style={
                                            [
                                              {
                                                "height": 50,
                                                "width": 50,
                                              },
                                              {
                                                "opacity": 0.5,
                                              },
                                            ]
                                          }
                                        >
                                          <div
                                            style={
                                              [
                                                {
                                                  "flex": 1,
                                                  "height": 50,
                                                  "width": 50,
                                                },
                                              ]
                                            }
                                          >
                                            <div>
                                              Mock Ring Component - 
                                              21.250000000000004
                                              , 
                                              0
                                              , 
                                              0
                                              , 
                                              5.1000000000000005
                                              , 
                                              0.17
                                            </div>
                                            <div>
                                              Mock Ring Component - 
                                              31.450000000000003
                                              , 
                                              0
                                              , 
                                              0
                                              , 
                                              5.1000000000000005
                                              , 
                                              0.17
                                            </div>
                                            <div>
                                              Mock Ring Component - 
                                              41.650000000000006
                                              , 
                                              0
                                              , 
                                              0
                                              , 
                                              5.1000000000000005
                                              , 
                                              0.17
                                            </div>
                                          </div>
                                        </View>
                                      </View>
                                      <View
                                        style={
                                          {
                                            "alignItems": "center",
                                          }
                                        }
                                      >
                                        <Text
                                          style={
                                            [
                                              {
                                                "color": "rgb(17, 96, 164)",
                                                "fontFamily": "Poppins_Bold",
                                                "fontSize": 16,
                                              },
                                              {
                                                "fontFamily": "ChakraPetch_Bold",
                                              },
                                            ]
                                          }
                                        >
                                          T
                                        </Text>
                                        <View
                                          accessibilityState={
                                            {
                                              "busy": undefined,
                                              "checked": undefined,
                                              "disabled": undefined,
                                              "expanded": undefined,
                                              "selected": undefined,
                                            }
                                          }
                                          accessible={true}
                                          focusable={true}
                                          onClick={[Function]}
                                          onResponderGrant={[Function]}
                                          onResponderMove={[Function]}
                                          onResponderRelease={[Function]}
                                          onResponderTerminate={[Function]}
                                          onResponderTerminationRequest={[Function]}
                                          onStartShouldSetResponder={[Function]}
                                          style={
                                            [
                                              {
                                                "height": 50,
                                                "width": 50,
                                              },
                                              {
                                                "opacity": 0.5,
                                              },
                                            ]
                                          }
                                        >
                                          <div
                                            style={
                                              [
                                                {
                                                  "flex": 1,
                                                  "height": 50,
                                                  "width": 50,
                                                },
                                              ]
                                            }
                                          >
                                            <div>
                                              Mock Ring Component - 
                                              21.250000000000004
                                              , 
                                              0
                                              , 
                                              0
                                              , 
                                              5.1000000000000005
                                              , 
                                              0.17
                                            </div>
                                            <div>
                                              Mock Ring Component - 
                                              31.450000000000003
                                              , 
                                              0
                                              , 
                                              0
                                              , 
                                              5.1000000000000005
                                              , 
                                              0.17
                                            </div>
                                            <div>
                                              Mock Ring Component - 
                                              41.650000000000006
                                              , 
                                              0
                                              , 
                                              0
                                              , 
                                              5.1000000000000005
                                              , 
                                              0.17
                                            </div>
                                          </div>
                                        </View>
                                      </View>
                                      <View
                                        style={
                                          {
                                            "alignItems": "center",
                                          }
                                        }
                                      >
                                        <Text
                                          style={
                                            [
                                              {
                                                "color": "rgb(17, 96, 164)",
                                                "fontFamily": "Poppins_Bold",
                                                "fontSize": 16,
                                              },
                                              {
                                                "fontFamily": "ChakraPetch_Bold",
                                              },
                                            ]
                                          }
                                        >
                                          W
                                        </Text>
                                        <View
                                          accessibilityState={
                                            {
                                              "busy": undefined,
                                              "checked": undefined,
                                              "disabled": undefined,
                                              "expanded": undefined,
                                              "selected": undefined,
                                            }
                                          }
                                          accessible={true}
                                          focusable={true}
                                          onClick={[Function]}
                                          onResponderGrant={[Function]}
                                          onResponderMove={[Function]}
                                          onResponderRelease={[Function]}
                                          onResponderTerminate={[Function]}
                                          onResponderTerminationRequest={[Function]}
                                          onStartShouldSetResponder={[Function]}
                                          style={
                                            [
                                              {
                                                "height": 50,
                                                "width": 50,
                                              },
                                              {
                                                "opacity": 0.5,
                                              },
                                            ]
                                          }
                                        >
                                          <div
                                            style={
                                              [
                                                {
                                                  "flex": 1,
                                                  "height": 50,
                                                  "width": 50,
                                                },
                                              ]
                                            }
                                          >
                                            <div>
                                              Mock Ring Component - 
                                              21.250000000000004
                                              , 
                                              0
                                              , 
                                              0
                                              , 
                                              5.1000000000000005
                                              , 
                                              0.17
                                            </div>
                                            <div>
                                              Mock Ring Component - 
                                              31.450000000000003
                                              , 
                                              0
                                              , 
                                              0
                                              , 
                                              5.1000000000000005
                                              , 
                                              0.17
                                            </div>
                                            <div>
                                              Mock Ring Component - 
                                              41.650000000000006
                                              , 
                                              0
                                              , 
                                              0
                                              , 
                                              5.1000000000000005
                                              , 
                                              0.17
                                            </div>
                                          </div>
                                        </View>
                                      </View>
                                      <View
                                        style={
                                          {
                                            "alignItems": "center",
                                          }
                                        }
                                      >
                                        <Text
                                          style={
                                            [
                                              {
                                                "color": "rgb(17, 96, 164)",
                                                "fontFamily": "Poppins_Bold",
                                                "fontSize": 16,
                                              },
                                              {
                                                "fontFamily": "ChakraPetch_Bold",
                                              },
                                            ]
                                          }
                                        >
                                          T
                                        </Text>
                                        <View
                                          accessibilityState={
                                            {
                                              "busy": undefined,
                                              "checked": undefined,
                                              "disabled": undefined,
                                              "expanded": undefined,
                                              "selected": undefined,
                                            }
                                          }
                                          accessible={true}
                                          focusable={true}
                                          onClick={[Function]}
                                          onResponderGrant={[Function]}
                                          onResponderMove={[Function]}
                                          onResponderRelease={[Function]}
                                          onResponderTerminate={[Function]}
                                          onResponderTerminationRequest={[Function]}
                                          onStartShouldSetResponder={[Function]}
                                          style={
                                            [
                                              {
                                                "height": 50,
                                                "width": 50,
                                              },
                                              {
                                                "opacity": 0.5,
                                              },
                                            ]
                                          }
                                        >
                                          <div
                                            style={
                                              [
                                                {
                                                  "flex": 1,
                                                  "height": 50,
                                                  "width": 50,
                                                },
                                              ]
                                            }
                                          >
                                            <div>
                                              Mock Ring Component - 
                                              21.250000000000004
                                              , 
                                              0
                                              , 
                                              0
                                              , 
                                              5.1000000000000005
                                              , 
                                              0.17
                                            </div>
                                            <div>
                                              Mock Ring Component - 
                                              31.450000000000003
                                              , 
                                              0
                                              , 
                                              0
                                              , 
                                              5.1000000000000005
                                              , 
                                              0.17
                                            </div>
                                            <div>
                                              Mock Ring Component - 
                                              41.650000000000006
                                              , 
                                              0
                                              , 
                                              0
                                              , 
                                              5.1000000000000005
                                              , 
                                              0.17
                                            </div>
                                          </div>
                                        </View>
                                      </View>
                                      <View
                                        style={
                                          {
                                            "alignItems": "center",
                                          }
                                        }
                                      >
                                        <Text
                                          style={
                                            [
                                              {
                                                "color": "rgb(17, 96, 164)",
                                                "fontFamily": "Poppins_Bold",
                                                "fontSize": 16,
                                              },
                                              {
                                                "fontFamily": "ChakraPetch_Bold",
                                              },
                                            ]
                                          }
                                        >
                                          F
                                        </Text>
                                        <View
                                          accessibilityState={
                                            {
                                              "busy": undefined,
                                              "checked": undefined,
                                              "disabled": undefined,
                                              "expanded": undefined,
                                              "selected": undefined,
                                            }
                                          }
                                          accessible={true}
                                          focusable={true}
                                          onClick={[Function]}
                                          onResponderGrant={[Function]}
                                          onResponderMove={[Function]}
                                          onResponderRelease={[Function]}
                                          onResponderTerminate={[Function]}
                                          onResponderTerminationRequest={[Function]}
                                          onStartShouldSetResponder={[Function]}
                                          style={
                                            [
                                              {
                                                "height": 50,
                                                "width": 50,
                                              },
                                              {
                                                "opacity": 0.5,
                                              },
                                            ]
                                          }
                                        >
                                          <div
                                            style={
                                              [
                                                {
                                                  "flex": 1,
                                                  "height": 50,
                                                  "width": 50,
                                                },
                                              ]
                                            }
                                          >
                                            <div>
                                              Mock Ring Component - 
                                              21.250000000000004
                                              , 
                                              0
                                              , 
                                              0
                                              , 
                                              5.1000000000000005
                                              , 
                                              0.17
                                            </div>
                                            <div>
                                              Mock Ring Component - 
                                              31.450000000000003
                                              , 
                                              0
                                              , 
                                              0
                                              , 
                                              5.1000000000000005
                                              , 
                                              0.17
                                            </div>
                                            <div>
                                              Mock Ring Component - 
                                              41.650000000000006
                                              , 
                                              0
                                              , 
                                              0
                                              , 
                                              5.1000000000000005
                                              , 
                                              0.17
                                            </div>
                                          </div>
                                        </View>
                                      </View>
                                      <View
                                        style={
                                          {
                                            "alignItems": "center",
                                          }
                                        }
                                      >
                                        <Text
                                          style={
                                            [
                                              {
                                                "color": "rgb(17, 96, 164)",
                                                "fontFamily": "Poppins_Bold",
                                                "fontSize": 16,
                                              },
                                              {
                                                "fontFamily": "ChakraPetch_Bold",
                                              },
                                            ]
                                          }
                                        >
                                          S
                                        </Text>
                                        <View
                                          accessibilityState={
                                            {
                                              "busy": undefined,
                                              "checked": undefined,
                                              "disabled": undefined,
                                              "expanded": undefined,
                                              "selected": undefined,
                                            }
                                          }
                                          accessible={true}
                                          focusable={true}
                                          onClick={[Function]}
                                          onResponderGrant={[Function]}
                                          onResponderMove={[Function]}
                                          onResponderRelease={[Function]}
                                          onResponderTerminate={[Function]}
                                          onResponderTerminationRequest={[Function]}
                                          onStartShouldSetResponder={[Function]}
                                          style={
                                            [
                                              {
                                                "height": 50,
                                                "width": 50,
                                              },
                                              {
                                                "opacity": 0.5,
                                              },
                                            ]
                                          }
                                        >
                                          <div
                                            style={
                                              [
                                                {
                                                  "flex": 1,
                                                  "height": 50,
                                                  "width": 50,
                                                },
                                              ]
                                            }
                                          >
                                            <div>
                                              Mock Ring Component - 
                                              21.250000000000004
                                              , 
                                              0
                                              , 
                                              0
                                              , 
                                              5.1000000000000005
                                              , 
                                              0.17
                                            </div>
                                            <div>
                                              Mock Ring Component - 
                                              31.450000000000003
                                              , 
                                              0
                                              , 
                                              0
                                              , 
                                              5.1000000000000005
                                              , 
                                              0.17
                                            </div>
                                            <div>
                                              Mock Ring Component - 
                                              41.650000000000006
                                              , 
                                              0
                                              , 
                                              0
                                              , 
                                              5.1000000000000005
                                              , 
                                              0.17
                                            </div>
                                          </div>
                                        </View>
                                      </View>
                                    </View>
                                  </View>
                                </View>
                              </View>
                              <div
                                style={
                                  [
                                    {
                                      "flex": 1,
                                      "height": 220,
                                      "width": 400,
                                    },
                                  ]
                                }
                              >
                                <div>
                                  Mock Ring Component - 
                                  112.5
                                  , 
                                  0
                                  , 
                                  0
                                  , 
                                  27
                                  , 
                                  0.9
                                </div>
                                <div>
                                  Mock Ring Component - 
                                  166.5
                                  , 
                                  0
                                  , 
                                  0
                                  , 
                                  27
                                  , 
                                  0.9
                                </div>
                                <div>
                                  Mock Ring Component - 
                                  220.5
                                  , 
                                  0
                                  , 
                                  0
                                  , 
                                  27
                                  , 
                                  0.9
                                </div>
                              </div>
                              <div
                                data-testid="mock-activity-chart"
                              >
                                <div>
                                  Mock ActivityChart: Move
                                </div>
                                <div>
                                  Type: CAL, Goal: 800, Progress: 314, Color: rgb(9, 14, 62)
                                </div>
                              </div>
                              <div
                                data-testid="mock-activity-chart"
                              >
                                <div>
                                  Mock ActivityChart: Exercise
                                </div>
                                <div>
                                  Type: MIN, Goal: 30, Progress: 15, Color: rgb(33, 100, 180)
                                </div>
                              </div>
                              <div
                                data-testid="mock-activity-chart"
                              >
                                <div>
                                  Mock ActivityChart: Stand
                                </div>
                                <div>
                                  Type: HRS, Goal: 12, Progress: 3, Color: rgb(6, 188, 255)
                                </div>
                              </div>
                              <View
                                accessibilityRole="button"
                                accessibilityState={
                                  {
                                    "busy": undefined,
                                    "checked": undefined,
                                    "disabled": undefined,
                                    "expanded": undefined,
                                    "selected": undefined,
                                  }
                                }
                                accessibilityValue={
                                  {
                                    "max": undefined,
                                    "min": undefined,
                                    "now": undefined,
                                    "text": undefined,
                                  }
                                }
                                accessible={true}
                                collapsable={false}
                                focusable={true}
                                onClick={[Function]}
                                onResponderGrant={[Function]}
                                onResponderMove={[Function]}
                                onResponderRelease={[Function]}
                                onResponderTerminate={[Function]}
                                onResponderTerminationRequest={[Function]}
                                onStartShouldSetResponder={[Function]}
                                style={
                                  {
                                    "opacity": 1,
                                  }
                                }
                              >
                                <View
                                  style={
                                    [
                                      {},
                                    ]
                                  }
                                >
                                  <Text
                                    style={
                                      [
                                        {
                                          "color": "#007AFF",
                                          "fontSize": 18,
                                          "margin": 8,
                                          "textAlign": "center",
                                        },
                                      ]
                                    }
                                  >
                                    Update Activity Rings Data
                                  </Text>
                                </View>
                              </View>
                            </View>
                          </RCTScrollView>
                        </View>
                      </View>
                    </View>
                  </View>
                </View>
              </View>
            </RNSScreen>
          </RNSScreenContainer>
        </View>
      </View>
    </View>
  </View>
  <View
    collapsable={false}
    pointerEvents="box-none"
    style={
      {
        "bottom": 0,
        "left": 0,
        "position": "absolute",
        "right": 0,
        "top": 0,
      }
    }
  />
</RNCSafeAreaProvider>
`;
